Archive member included to satisfy reference by file (symbol)

d:/atollic/truestudio for stm32 9.3.0/armtools/bin/../lib/gcc/arm-atollic-eabi/6.3.1/../../../../arm-atollic-eabi/lib/armv7e-m/fpu\libc_nano.a(lib_a-errno.o)
                              Application\SW4STM32\syscalls.o (__errno)
d:/atollic/truestudio for stm32 9.3.0/armtools/bin/../lib/gcc/arm-atollic-eabi/6.3.1/../../../../arm-atollic-eabi/lib/armv7e-m/fpu\libc_nano.a(lib_a-impure.o)
                              d:/atollic/truestudio for stm32 9.3.0/armtools/bin/../lib/gcc/arm-atollic-eabi/6.3.1/../../../../arm-atollic-eabi/lib/armv7e-m/fpu\libc_nano.a(lib_a-errno.o) (_impure_ptr)
d:/atollic/truestudio for stm32 9.3.0/armtools/bin/../lib/gcc/arm-atollic-eabi/6.3.1/../../../../arm-atollic-eabi/lib/armv7e-m/fpu\libc_nano.a(lib_a-init.o)
                              Application\SW4STM32\startup_stm32f303xe.o (__libc_init_array)
d:/atollic/truestudio for stm32 9.3.0/armtools/bin/../lib/gcc/arm-atollic-eabi/6.3.1/../../../../arm-atollic-eabi/lib/armv7e-m/fpu\libc_nano.a(lib_a-memmove.o)
                              Application\User\ssd1306_tests.o (memmove)
d:/atollic/truestudio for stm32 9.3.0/armtools/bin/../lib/gcc/arm-atollic-eabi/6.3.1/../../../../arm-atollic-eabi/lib/armv7e-m/fpu\libc_nano.a(lib_a-memset.o)
                              Application\User\main.o (memset)
d:/atollic/truestudio for stm32 9.3.0/armtools/bin/../lib/gcc/arm-atollic-eabi/6.3.1/../../../../arm-atollic-eabi/lib/armv7e-m/fpu\libc_nano.a(lib_a-snprintf.o)
                              Application\User\ssd1306_tests.o (snprintf)
d:/atollic/truestudio for stm32 9.3.0/armtools/bin/../lib/gcc/arm-atollic-eabi/6.3.1/../../../../arm-atollic-eabi/lib/armv7e-m/fpu\libc_nano.a(lib_a-nano-svfprintf.o)
                              d:/atollic/truestudio for stm32 9.3.0/armtools/bin/../lib/gcc/arm-atollic-eabi/6.3.1/../../../../arm-atollic-eabi/lib/armv7e-m/fpu\libc_nano.a(lib_a-snprintf.o) (_svfprintf_r)
d:/atollic/truestudio for stm32 9.3.0/armtools/bin/../lib/gcc/arm-atollic-eabi/6.3.1/../../../../arm-atollic-eabi/lib/armv7e-m/fpu\libc_nano.a(lib_a-nano-vfprintf_i.o)
                              d:/atollic/truestudio for stm32 9.3.0/armtools/bin/../lib/gcc/arm-atollic-eabi/6.3.1/../../../../arm-atollic-eabi/lib/armv7e-m/fpu\libc_nano.a(lib_a-nano-svfprintf.o) (_printf_i)
d:/atollic/truestudio for stm32 9.3.0/armtools/bin/../lib/gcc/arm-atollic-eabi/6.3.1/../../../../arm-atollic-eabi/lib/armv7e-m/fpu\libc_nano.a(lib_a-memchr.o)
                              d:/atollic/truestudio for stm32 9.3.0/armtools/bin/../lib/gcc/arm-atollic-eabi/6.3.1/../../../../arm-atollic-eabi/lib/armv7e-m/fpu\libc_nano.a(lib_a-nano-svfprintf.o) (memchr)
d:/atollic/truestudio for stm32 9.3.0/armtools/bin/../lib/gcc/arm-atollic-eabi/6.3.1/../../../../arm-atollic-eabi/lib/armv7e-m/fpu\libc_nano.a(lib_a-memcpy-stub.o)
                              d:/atollic/truestudio for stm32 9.3.0/armtools/bin/../lib/gcc/arm-atollic-eabi/6.3.1/../../../../arm-atollic-eabi/lib/armv7e-m/fpu\libc_nano.a(lib_a-nano-svfprintf.o) (memcpy)
d:/atollic/truestudio for stm32 9.3.0/armtools/bin/../lib/gcc/arm-atollic-eabi/6.3.1/../../../../arm-atollic-eabi/lib/armv7e-m/fpu\libc_nano.a(lib_a-nano-freer.o)
                              d:/atollic/truestudio for stm32 9.3.0/armtools/bin/../lib/gcc/arm-atollic-eabi/6.3.1/../../../../arm-atollic-eabi/lib/armv7e-m/fpu\libc_nano.a(lib_a-nano-svfprintf.o) (_free_r)
d:/atollic/truestudio for stm32 9.3.0/armtools/bin/../lib/gcc/arm-atollic-eabi/6.3.1/../../../../arm-atollic-eabi/lib/armv7e-m/fpu\libc_nano.a(lib_a-nano-mallocr.o)
                              d:/atollic/truestudio for stm32 9.3.0/armtools/bin/../lib/gcc/arm-atollic-eabi/6.3.1/../../../../arm-atollic-eabi/lib/armv7e-m/fpu\libc_nano.a(lib_a-nano-svfprintf.o) (_malloc_r)
d:/atollic/truestudio for stm32 9.3.0/armtools/bin/../lib/gcc/arm-atollic-eabi/6.3.1/../../../../arm-atollic-eabi/lib/armv7e-m/fpu\libc_nano.a(lib_a-nano-reallocr.o)
                              d:/atollic/truestudio for stm32 9.3.0/armtools/bin/../lib/gcc/arm-atollic-eabi/6.3.1/../../../../arm-atollic-eabi/lib/armv7e-m/fpu\libc_nano.a(lib_a-nano-svfprintf.o) (_realloc_r)
d:/atollic/truestudio for stm32 9.3.0/armtools/bin/../lib/gcc/arm-atollic-eabi/6.3.1/../../../../arm-atollic-eabi/lib/armv7e-m/fpu\libc_nano.a(lib_a-sbrkr.o)
                              d:/atollic/truestudio for stm32 9.3.0/armtools/bin/../lib/gcc/arm-atollic-eabi/6.3.1/../../../../arm-atollic-eabi/lib/armv7e-m/fpu\libc_nano.a(lib_a-nano-mallocr.o) (_sbrk_r)
d:/atollic/truestudio for stm32 9.3.0/armtools/bin/../lib/gcc/arm-atollic-eabi/6.3.1/../../../../arm-atollic-eabi/lib/armv7e-m/fpu\libc_nano.a(lib_a-mlock.o)
                              d:/atollic/truestudio for stm32 9.3.0/armtools/bin/../lib/gcc/arm-atollic-eabi/6.3.1/../../../../arm-atollic-eabi/lib/armv7e-m/fpu\libc_nano.a(lib_a-nano-freer.o) (__malloc_lock)
[...]
Memory Configuration

Name             Origin             Length             Attributes
RAM              0x20000000         0x00010000         xrw
CCMRAM           0x10000000         0x00004000         rw
FLASH            0x08000000         0x00080000         xr
*default*        0x00000000         0xffffffff

Linker script and memory map

LOAD d:/atollic/truestudio for stm32 9.3.0/armtools/bin/../lib/gcc/arm-atollic-eabi/6.3.1/armv7e-m/fpu/crti.o
LOAD d:/atollic/truestudio for stm32 9.3.0/armtools/bin/../lib/gcc/arm-atollic-eabi/6.3.1/armv7e-m/fpu/crtbegin.o
LOAD Application\SW4STM32\startup_stm32f303xe.o
LOAD Application\SW4STM32\syscalls.o
LOAD Application\User\main.o
LOAD Application\User\ssd1306.o
LOAD Application\User\ssd1306_fonts.o
LOAD Application\User\ssd1306_tests.o
LOAD Application\User\stm32f3xx_hal_msp.o
LOAD Application\User\stm32f3xx_it.o
LOAD Drivers\CMSIS\system_stm32f3xx.o
LOAD Drivers\STM32F3xx_HAL_Driver\stm32f3xx_hal.o
LOAD Drivers\STM32F3xx_HAL_Driver\stm32f3xx_hal_cortex.o
LOAD Drivers\STM32F3xx_HAL_Driver\stm32f3xx_hal_dma.o
LOAD Drivers\STM32F3xx_HAL_Driver\stm32f3xx_hal_flash.o
LOAD Drivers\STM32F3xx_HAL_Driver\stm32f3xx_hal_flash_ex.o
LOAD Drivers\STM32F3xx_HAL_Driver\stm32f3xx_hal_gpio.o
LOAD Drivers\STM32F3xx_HAL_Driver\stm32f3xx_hal_i2c.o
LOAD Drivers\STM32F3xx_HAL_Driver\stm32f3xx_hal_i2c_ex.o
LOAD Drivers\STM32F3xx_HAL_Driver\stm32f3xx_hal_pwr.o
LOAD Drivers\STM32F3xx_HAL_Driver\stm32f3xx_hal_pwr_ex.o
LOAD Drivers\STM32F3xx_HAL_Driver\stm32f3xx_hal_rcc.o
LOAD Drivers\STM32F3xx_HAL_Driver\stm32f3xx_hal_rcc_ex.o
LOAD Drivers\STM32F3xx_HAL_Driver\stm32f3xx_hal_spi.o
LOAD Drivers\STM32F3xx_HAL_Driver\stm32f3xx_hal_spi_ex.o
LOAD Drivers\STM32F3xx_HAL_Driver\stm32f3xx_hal_tim.o
LOAD Drivers\STM32F3xx_HAL_Driver\stm32f3xx_hal_tim_ex.o
                0x00000080                malloc_getpagesize_P = 0x80
START GROUP
LOAD d:/atollic/truestudio for stm32 9.3.0/armtools/bin/../lib/gcc/arm-atollic-eabi/6.3.1/../../../../arm-atollic-eabi/lib/armv7e-m/fpu\libc_nano.a
LOAD d:/atollic/truestudio for stm32 9.3.0/armtools/bin/../lib/gcc/arm-atollic-eabi/6.3.1/../../../../arm-atollic-eabi/lib/armv7e-m/fpu\libm.a
END GROUP
START GROUP
LOAD d:/atollic/truestudio for stm32 9.3.0/armtools/bin/../lib/gcc/arm-atollic-eabi/6.3.1/armv7e-m/fpu\libgcc.a
LOAD d:/atollic/truestudio for stm32 9.3.0/armtools/bin/../lib/gcc/arm-atollic-eabi/6.3.1/../../../../arm-atollic-eabi/lib/armv7e-m/fpu\libc_nano.a
END GROUP
START GROUP
LOAD d:/atollic/truestudio for stm32 9.3.0/armtools/bin/../lib/gcc/arm-atollic-eabi/6.3.1/armv7e-m/fpu\libgcc.a
LOAD d:/atollic/truestudio for stm32 9.3.0/armtools/bin/../lib/gcc/arm-atollic-eabi/6.3.1/../../../../arm-atollic-eabi/lib/armv7e-m/fpu\libc_nano.a
LOAD d:/atollic/truestudio for stm32 9.3.0/armtools/bin/../lib/gcc/arm-atollic-eabi/6.3.1/../../../../arm-atollic-eabi/lib/armv7e-m/fpu\libnosys.a
END GROUP
START GROUP
LOAD d:/atollic/truestudio for stm32 9.3.0/armtools/bin/../lib/gcc/arm-atollic-eabi/6.3.1/armv7e-m/fpu\libgcc.a
LOAD d:/atollic/truestudio for stm32 9.3.0/armtools/bin/../lib/gcc/arm-atollic-eabi/6.3.1/../../../../arm-atollic-eabi/lib/armv7e-m/fpu\libc_nano.a
LOAD d:/atollic/truestudio for stm32 9.3.0/armtools/bin/../lib/gcc/arm-atollic-eabi/6.3.1/../../../../arm-atollic-eabi/lib/armv7e-m/fpu\libnosys.a
END GROUP
LOAD d:/atollic/truestudio for stm32 9.3.0/armtools/bin/../lib/gcc/arm-atollic-eabi/6.3.1/armv7e-m/fpu/crtend.o
LOAD d:/atollic/truestudio for stm32 9.3.0/armtools/bin/../lib/gcc/arm-atollic-eabi/6.3.1/armv7e-m/fpu/crtn.o
                0x20010000                _estack = 0x20010000
                0x00000200                _Min_Heap_Size = 0x200
                0x00000400                _Min_Stack_Size = 0x400

.isr_vector     0x08000000      0x194
                0x08000000                . = ALIGN (0x4)
 *(.isr_vector)
 .isr_vector    0x08000000      0x194 Application\SW4STM32\startup_stm32f303xe.o
                0x08000000                g_pfnVectors
                0x08000194                . = ALIGN (0x4)

.text           0x08000194     0x14e0
                0x08000194                . = ALIGN (0x4)
 *(.text)
 .text          0x08000194       0x40 d:/atollic/truestudio for stm32 9.3.0/armtools/bin/../lib/gcc/arm-atollic-eabi/6.3.1/armv7e-m/fpu/crtbegin.o
 *(.text*)
 .text.Reset_Handler
                0x080001d4       0x50 Application\SW4STM32\startup_stm32f303xe.o
                0x080001d4                Reset_Handler
 .text.Default_Handler
                0x08000224        0x2 Application\SW4STM32\startup_stm32f303xe.o
                0x08000224                RTC_Alarm_IRQHandler
                0x08000224                TIM8_TRG_COM_IRQHandler
                0x08000224                TIM8_CC_IRQHandler
                0x08000224                SPI4_IRQHandler
                0x08000224                TIM1_CC_IRQHandler
                0x08000224                USB_HP_IRQHandler
                0x08000224                PVD_IRQHandler
                0x08000224                TAMP_STAMP_IRQHandler
                0x08000224                EXTI3_IRQHandler
                0x08000224                I2C3_ER_IRQHandler
                0x08000224                USB_HP_CAN_TX_IRQHandler
                0x08000224                EXTI0_IRQHandler
                0x08000224                I2C2_EV_IRQHandler
                0x08000224                FPU_IRQHandler
                0x08000224                TIM1_UP_TIM16_IRQHandler
                0x08000224                ADC1_2_IRQHandler
                0x08000224                SPI1_IRQHandler
                0x08000224                CAN_SCE_IRQHandler
                0x08000224                TIM6_DAC_IRQHandler
                0x08000224                TIM8_UP_IRQHandler
                0x08000224                DMA2_Channel2_IRQHandler
                0x08000224                DMA1_Channel4_IRQHandler
                0x08000224                TIM20_TRG_COM_IRQHandler
                0x08000224                USART3_IRQHandler
                0x08000224                DMA1_Channel7_IRQHandler
                0x08000224                UART5_IRQHandler
                0x08000224                ADC3_IRQHandler
                0x08000224                TIM4_IRQHandler
                0x08000224                CAN_RX1_IRQHandler
                0x08000224                DMA2_Channel1_IRQHandler
                0x08000224                I2C1_EV_IRQHandler
                0x08000224                DMA1_Channel6_IRQHandler
                0x08000224                UART4_IRQHandler
                0x08000224                DMA2_Channel4_IRQHandler
                0x08000224                TIM3_IRQHandler
                0x08000224                RCC_IRQHandler
                0x08000224                TIM20_UP_IRQHandler
                0x08000224                DMA1_Channel1_IRQHandler
                0x08000224                Default_Handler
                0x08000224                USBWakeUp_RMP_IRQHandler
                0x08000224                EXTI15_10_IRQHandler
                0x08000224                TIM7_IRQHandler
                0x08000224                I2C3_EV_IRQHandler
                0x08000224                EXTI9_5_IRQHandler
                0x08000224                RTC_WKUP_IRQHandler
                0x08000224                SPI2_IRQHandler
                0x08000224                USB_LP_CAN_RX0_IRQHandler
                0x08000224                DMA2_Channel5_IRQHandler
                0x08000224                DMA1_Channel5_IRQHandler
                0x08000224                USB_LP_IRQHandler
                0x08000224                EXTI4_IRQHandler
                0x08000224                TIM1_TRG_COM_TIM17_IRQHandler
                0x08000224                DMA1_Channel3_IRQHandler
                0x08000224                ADC4_IRQHandler
                0x08000224                WWDG_IRQHandler
                0x08000224                TIM2_IRQHandler
                0x08000224                COMP7_IRQHandler
                0x08000224                COMP1_2_3_IRQHandler
                0x08000224                EXTI1_IRQHandler
                0x08000224                USART2_IRQHandler
                0x08000224                COMP4_5_6_IRQHandler
                0x08000224                TIM20_BRK_IRQHandler
                0x08000224                I2C2_ER_IRQHandler
                0x08000224                DMA1_Channel2_IRQHandler
                0x08000224                TIM8_BRK_IRQHandler
                0x08000224                FLASH_IRQHandler
                0x08000224                TIM20_CC_IRQHandler
                0x08000224                USART1_IRQHandler
                0x08000224                SPI3_IRQHandler
                0x08000224                I2C1_ER_IRQHandler
                0x08000224                FMC_IRQHandler
                0x08000224                USBWakeUp_IRQHandler
                0x08000224                DMA2_Channel3_IRQHandler
                0x08000224                EXTI2_TSC_IRQHandler
                0x08000224                TIM1_BRK_TIM15_IRQHandler
 *fill*         0x08000226        0x2 
 .text.MX_GPIO_Init
                0x08000228       0x8c Application\User\main.o
 .text.MX_SPI2_Init
                0x080002b4       0x48 Application\User\main.o
 .text.SystemClock_Config
                0x080002fc       0x52 Application\User\main.o
                0x080002fc                SystemClock_Config
 .text.main     0x0800034e       0x22 Application\User\main.o
                0x0800034e                main
 .text.ssd1306_Reset
                0x08000370       0x3c Application\User\ssd1306.o
                0x08000370                ssd1306_Reset
 .text.ssd1306_WriteCommand
                0x080003ac       0x4c Application\User\ssd1306.o
                0x080003ac                ssd1306_WriteCommand
 .text.ssd1306_WriteData
                0x080003f8       0x44 Application\User\ssd1306.o
                0x080003f8                ssd1306_WriteData
 .text.ssd1306_Fill
                0x0800043c       0x20 Application\User\ssd1306.o
                0x0800043c                ssd1306_Fill
 .text.ssd1306_UpdateScreen
                0x0800045c       0x38 Application\User\ssd1306.o
                0x0800045c                ssd1306_UpdateScreen
 .text.ssd1306_Init
                0x08000494       0xd8 Application\User\ssd1306.o
                0x08000494                ssd1306_Init
 .text.HAL_MspInit
                0x0800056c       0x30 Application\User\stm32f3xx_hal_msp.o
                0x0800056c                HAL_MspInit
 .text.HAL_SPI_MspInit
                0x0800059c       0x6c Application\User\stm32f3xx_hal_msp.o
                0x0800059c                HAL_SPI_MspInit
 .text.NMI_Handler
                0x08000608        0x2 Application\User\stm32f3xx_it.o
                0x08000608                NMI_Handler
 .text.HardFault_Handler
                0x0800060a        0x2 Application\User\stm32f3xx_it.o
                0x0800060a                HardFault_Handler
 .text.MemManage_Handler
                0x0800060c        0x2 Application\User\stm32f3xx_it.o
                0x0800060c                MemManage_Handler
 .text.BusFault_Handler
                0x0800060e        0x2 Application\User\stm32f3xx_it.o
                0x0800060e                BusFault_Handler
 .text.UsageFault_Handler
                0x08000610        0x2 Application\User\stm32f3xx_it.o
                0x08000610                UsageFault_Handler
 .text.SVC_Handler
                0x08000612        0x2 Application\User\stm32f3xx_it.o
                0x08000612                SVC_Handler
 .text.DebugMon_Handler
                0x08000614        0x2 Application\User\stm32f3xx_it.o
                0x08000614                DebugMon_Handler
 .text.PendSV_Handler
                0x08000616        0x2 Application\User\stm32f3xx_it.o
                0x08000616                PendSV_Handler
 .text.SysTick_Handler
                0x08000618        0x8 Application\User\stm32f3xx_it.o
                0x08000618                SysTick_Handler
 .text.SystemInit
                0x08000620       0x68 Drivers\CMSIS\system_stm32f3xx.o
                0x08000620                SystemInit
 .text.HAL_InitTick
                0x08000688       0x48 Drivers\STM32F3xx_HAL_Driver\stm32f3xx_hal.o
                0x08000688                HAL_InitTick
 .text.HAL_Init
                0x080006d0       0x24 Drivers\STM32F3xx_HAL_Driver\stm32f3xx_hal.o
                0x080006d0                HAL_Init
 .text.HAL_IncTick
                0x080006f4       0x18 Drivers\STM32F3xx_HAL_Driver\stm32f3xx_hal.o
                0x080006f4                HAL_IncTick
 .text.HAL_GetTick
                0x0800070c        0xc Drivers\STM32F3xx_HAL_Driver\stm32f3xx_hal.o
                0x0800070c                HAL_GetTick
 .text.HAL_Delay
                0x08000718       0x28 Drivers\STM32F3xx_HAL_Driver\stm32f3xx_hal.o
                0x08000718                HAL_Delay
 .text.HAL_NVIC_SetPriorityGrouping
                0x08000740       0x24 Drivers\STM32F3xx_HAL_Driver\stm32f3xx_hal_cortex.o
                0x08000740                HAL_NVIC_SetPriorityGrouping
 .text.HAL_NVIC_SetPriority
                0x08000764       0x64 Drivers\STM32F3xx_HAL_Driver\stm32f3xx_hal_cortex.o
                0x08000764                HAL_NVIC_SetPriority
 .text.HAL_SYSTICK_Config
                0x080007c8       0x2c Drivers\STM32F3xx_HAL_Driver\stm32f3xx_hal_cortex.o
                0x080007c8                HAL_SYSTICK_Config
 .text.HAL_GPIO_Init
                0x080007f4      0x1b4 Drivers\STM32F3xx_HAL_Driver\stm32f3xx_hal_gpio.o
                0x080007f4                HAL_GPIO_Init
 .text.HAL_GPIO_WritePin
                0x080009a8        0xa Drivers\STM32F3xx_HAL_Driver\stm32f3xx_hal_gpio.o
                0x080009a8                HAL_GPIO_WritePin
 *fill*         0x080009b2        0x2 
 .text.HAL_RCC_OscConfig
                0x080009b4      0x61c Drivers\STM32F3xx_HAL_Driver\stm32f3xx_hal_rcc.o
                0x080009b4                HAL_RCC_OscConfig
 .text.HAL_RCC_GetSysClockFreq
                0x08000fd0       0x70 Drivers\STM32F3xx_HAL_Driver\stm32f3xx_hal_rcc.o
                0x08000fd0                HAL_RCC_GetSysClockFreq
 .text.HAL_RCC_ClockConfig
                0x08001040      0x1a0 Drivers\STM32F3xx_HAL_Driver\stm32f3xx_hal_rcc.o
                0x08001040                HAL_RCC_ClockConfig
 .text.SPI_WaitFlagStateUntilTimeout
                0x080011e0       0x92 Drivers\STM32F3xx_HAL_Driver\stm32f3xx_hal_spi.o
 .text.SPI_WaitFifoStateUntilTimeout
                0x08001272       0xa4 Drivers\STM32F3xx_HAL_Driver\stm32f3xx_hal_spi.o
 .text.SPI_EndRxTxTransaction
                0x08001316       0x68 Drivers\STM32F3xx_HAL_Driver\stm32f3xx_hal_spi.o
 .text.HAL_SPI_Init
                0x0800137e       0xba Drivers\STM32F3xx_HAL_Driver\stm32f3xx_hal_spi.o
                0x0800137e                HAL_SPI_Init
 .text.HAL_SPI_Transmit
                0x08001438      0x1cc Drivers\STM32F3xx_HAL_Driver\stm32f3xx_hal_spi.o
                0x08001438                HAL_SPI_Transmit
 .text.__libc_init_array
                0x08001604       0x48 d:/atollic/truestudio for stm32 9.3.0/armtools/bin/../lib/gcc/arm-atollic-eabi/6.3.1/../../../../arm-atollic-eabi/lib/armv7e-m/fpu\libc_nano.a(lib_a-init.o)
                0x08001604                __libc_init_array
 .text.memset   0x0800164c       0x10 d:/atollic/truestudio for stm32 9.3.0/armtools/bin/../lib/gcc/arm-atollic-eabi/6.3.1/../../../../arm-atollic-eabi/lib/armv7e-m/fpu\libc_nano.a(lib_a-memset.o)
                0x0800164c                memset
 *(.glue_7)
 .glue_7        0x0800165c        0x0 linker stubs
 *(.glue_7t)
 .glue_7t       0x0800165c        0x0 linker stubs
 *(.eh_frame)
 .eh_frame      0x0800165c        0x0 d:/atollic/truestudio for stm32 9.3.0/armtools/bin/../lib/gcc/arm-atollic-eabi/6.3.1/armv7e-m/fpu/crtbegin.o
 *(.init)
 .init          0x0800165c        0x4 d:/atollic/truestudio for stm32 9.3.0/armtools/bin/../lib/gcc/arm-atollic-eabi/6.3.1/armv7e-m/fpu/crti.o
                0x0800165c                _init
 .init          0x08001660        0x8 d:/atollic/truestudio for stm32 9.3.0/armtools/bin/../lib/gcc/arm-atollic-eabi/6.3.1/armv7e-m/fpu/crtn.o
 *(.fini)
 .fini          0x08001668        0x4 d:/atollic/truestudio for stm32 9.3.0/armtools/bin/../lib/gcc/arm-atollic-eabi/6.3.1/armv7e-m/fpu/crti.o
                0x08001668                _fini
 .fini          0x0800166c        0x8 d:/atollic/truestudio for stm32 9.3.0/armtools/bin/../lib/gcc/arm-atollic-eabi/6.3.1/armv7e-m/fpu/crtn.o
                0x08001674                . = ALIGN (0x4)
                0x08001674                _etext = .

.vfp11_veneer   0x08001674        0x0
 .vfp11_veneer  0x08001674        0x0 linker stubs

.v4_bx          0x08001674        0x0
 .v4_bx         0x08001674        0x0 linker stubs

.iplt           0x08001674        0x0
 .iplt          0x08001674        0x0 d:/atollic/truestudio for stm32 9.3.0/armtools/bin/../lib/gcc/arm-atollic-eabi/6.3.1/armv7e-m/fpu/crtbegin.o

.rodata         0x08001674       0x38
                0x08001674                . = ALIGN (0x4)
 *(.rodata)
 .rodata        0x08001674       0x18 Drivers\CMSIS\system_stm32f3xx.o
                0x08001674                AHBPrescTable
                0x08001684                APBPrescTable
 .rodata        0x0800168c       0x20 Drivers\STM32F3xx_HAL_Driver\stm32f3xx_hal_rcc.o
                0x0800168c                aPLLMULFactorTable
                0x0800169c                aPredivFactorTable
 *(.rodata*)
                0x080016ac                . = ALIGN (0x4)

.rel.dyn        0x080016ac        0x0
 .rel.iplt      0x080016ac        0x0 d:/atollic/truestudio for stm32 9.3.0/armtools/bin/../lib/gcc/arm-atollic-eabi/6.3.1/armv7e-m/fpu/crtbegin.o

.ARM.extab
 *(.ARM.extab* .gnu.linkonce.armextab.*)

.ARM            0x080016ac        0x0
                0x080016ac                __exidx_start = .
 *(.ARM.exidx*)
                0x080016ac                __exidx_end = .

.preinit_array  0x080016ac        0x0
                0x080016ac                PROVIDE (__preinit_array_start, .)
 *(.preinit_array*)
                0x080016ac                PROVIDE (__preinit_array_end, .)

.init_array     0x080016ac        0x4
                0x080016ac                PROVIDE (__init_array_start, .)
 *(SORT(.init_array.*))
 *(.init_array*)
 .init_array    0x080016ac        0x4 d:/atollic/truestudio for stm32 9.3.0/armtools/bin/../lib/gcc/arm-atollic-eabi/6.3.1/armv7e-m/fpu/crtbegin.o
                0x080016b0                PROVIDE (__init_array_end, .)

.fini_array     0x080016b0        0x4
                [!provide]                PROVIDE (__fini_array_start, .)
 *(SORT(.fini_array.*))
 *(.fini_array*)
 .fini_array    0x080016b0        0x4 d:/atollic/truestudio for stm32 9.3.0/armtools/bin/../lib/gcc/arm-atollic-eabi/6.3.1/armv7e-m/fpu/crtbegin.o
                [!provide]                PROVIDE (__fini_array_end, .)
                0x080016b4                _sidata = LOADADDR (.data)

.data           0x20000000        0xc load address 0x080016b4
                0x20000000                . = ALIGN (0x4)
                0x20000000                _sdata = .
 *(.data)
 .data          0x20000000        0x4 Drivers\CMSIS\system_stm32f3xx.o
                0x20000000                SystemCoreClock
 .data          0x20000004        0x8 Drivers\STM32F3xx_HAL_Driver\stm32f3xx_hal.o
                0x20000004                uwTickFreq
                0x20000008                uwTickPrio
 *(.data*)
                0x2000000c                . = ALIGN (0x4)
                0x2000000c                _edata = .
                0x080016c0                _siccmram = LOADADDR (.ccmram)

.igot.plt       0x2000000c        0x0 load address 0x080016c0
 .igot.plt      0x2000000c        0x0 d:/atollic/truestudio for stm32 9.3.0/armtools/bin/../lib/gcc/arm-atollic-eabi/6.3.1/armv7e-m/fpu/crtbegin.o

.ccmram         0x10000000        0x0 load address 0x080016c0
                0x10000000                . = ALIGN (0x4)
                0x10000000                _sccmram = .
 *(.ccmram)
 *(.ccmram*)
                0x10000000                . = ALIGN (0x4)
                0x10000000                _eccmram = .
                0x10000000                . = ALIGN (0x4)

.bss            0x2000000c      0x48c
                0x2000000c                _sbss = .
                0x2000000c                __bss_start__ = _sbss
 *(.bss)
 .bss           0x2000000c       0x1c d:/atollic/truestudio for stm32 9.3.0/armtools/bin/../lib/gcc/arm-atollic-eabi/6.3.1/armv7e-m/fpu/crtbegin.o
 .bss           0x20000028      0x406 Application\User\ssd1306.o
 *(.bss*)
 *(COMMON)
 *fill*         0x2000042e        0x2 
 COMMON         0x20000430       0x64 Application\User\main.o
                0x20000430                hspi2
 COMMON         0x20000494        0x4 Drivers\STM32F3xx_HAL_Driver\stm32f3xx_hal.o
                0x20000494                uwTick
                0x20000498                . = ALIGN (0x4)
                0x20000498                _ebss = .
                0x20000498                __bss_end__ = _ebss

._user_heap_stack
                0x20000498      0x600
                0x20000498                . = ALIGN (0x8)
                0x20000498                PROVIDE (end, .)
                [!provide]                PROVIDE (_end, .)
                0x20000698                . = (. + _Min_Heap_Size)
 *fill*         0x20000498      0x200 
                0x20000a98                . = (. + _Min_Stack_Size)
 *fill*         0x20000698      0x400 
                0x20000a98                . = ALIGN (0x8)

/DISCARD/
 libc.a(*)
 libm.a(*)
 libgcc.a(*)

.ARM.attributes
                0x00000000       0x30
 *(.ARM.attributes)
 .ARM.attributes
                0x00000000       0x22 d:/atollic/truestudio for stm32 9.3.0/armtools/bin/../lib/gcc/arm-atollic-eabi/6.3.1/armv7e-m/fpu/crti.o
 .ARM.attributes
                0x00000022       0x34 d:/atollic/truestudio for stm32 9.3.0/armtools/bin/../lib/gcc/arm-atollic-eabi/6.3.1/armv7e-m/fpu/crtbegin.o
 .ARM.attributes
                0x00000056       0x21 Application\SW4STM32\startup_stm32f303xe.o
 .ARM.attributes
                0x00000077       0x39 Application\User\main.o
 .ARM.attributes
                0x000000b0       0x39 Application\User\ssd1306.o
 .ARM.attributes
                0x000000e9       0x39 Application\User\stm32f3xx_hal_msp.o
 .ARM.attributes
                0x00000122       0x39 Application\User\stm32f3xx_it.o
 .ARM.attributes
                0x0000015b       0x39 Drivers\CMSIS\system_stm32f3xx.o
 .ARM.attributes
                0x00000194       0x39 Drivers\STM32F3xx_HAL_Driver\stm32f3xx_hal.o
 .ARM.attributes
                0x000001cd       0x39 Drivers\STM32F3xx_HAL_Driver\stm32f3xx_hal_cortex.o
 .ARM.attributes
                0x00000206       0x39 Drivers\STM32F3xx_HAL_Driver\stm32f3xx_hal_gpio.o
 .ARM.attributes
                0x0000023f       0x39 Drivers\STM32F3xx_HAL_Driver\stm32f3xx_hal_rcc.o
 .ARM.attributes
                0x00000278       0x39 Drivers\STM32F3xx_HAL_Driver\stm32f3xx_hal_spi.o
 .ARM.attributes
                0x000002b1       0x34 d:/atollic/truestudio for stm32 9.3.0/armtools/bin/../lib/gcc/arm-atollic-eabi/6.3.1/../../../../arm-atollic-eabi/lib/armv7e-m/fpu\libc_nano.a(lib_a-init.o)
 .ARM.attributes
                0x000002e5       0x34 d:/atollic/truestudio for stm32 9.3.0/armtools/bin/../lib/gcc/arm-atollic-eabi/6.3.1/../../../../arm-atollic-eabi/lib/armv7e-m/fpu\libc_nano.a(lib_a-memset.o)
 .ARM.attributes
                0x00000319       0x22 d:/atollic/truestudio for stm32 9.3.0/armtools/bin/../lib/gcc/arm-atollic-eabi/6.3.1/armv7e-m/fpu/crtn.o
OUTPUT(SSD1306_SPI.elf elf32-littlearm)

.debug_line     0x00000000     0x56a5
 .debug_line    0x00000000       0x7a Application\SW4STM32\startup_stm32f303xe.o
 .debug_line    0x0000007a      0x6d5 Application\User\main.o
 .debug_line    0x0000074f      0x78a Application\User\ssd1306.o
 .debug_line    0x00000ed9      0x66c Application\User\stm32f3xx_hal_msp.o
 .debug_line    0x00001545      0x6c5 Application\User\stm32f3xx_it.o
 .debug_line    0x00001c0a      0x65d Drivers\CMSIS\system_stm32f3xx.o
 .debug_line    0x00002267      0x806 Drivers\STM32F3xx_HAL_Driver\stm32f3xx_hal.o
 .debug_line    0x00002a6d      0x836 Drivers\STM32F3xx_HAL_Driver\stm32f3xx_hal_cortex.o
 .debug_line    0x000032a3      0x7a9 Drivers\STM32F3xx_HAL_Driver\stm32f3xx_hal_gpio.o
 .debug_line    0x00003a4c      0xb14 Drivers\STM32F3xx_HAL_Driver\stm32f3xx_hal_rcc.o
 .debug_line    0x00004560     0x1145 Drivers\STM32F3xx_HAL_Driver\stm32f3xx_hal_spi.o

.debug_info     0x00000000     0xcd64
 .debug_info    0x00000000       0x7b Application\SW4STM32\startup_stm32f303xe.o
 .debug_info    0x0000007b     0x1436 Application\User\main.o
 .debug_info    0x000014b1     0x16a4 Application\User\ssd1306.o
 .debug_info    0x00002b55     0x1115 Application\User\stm32f3xx_hal_msp.o
 .debug_info    0x00003c6a      0xa3f Application\User\stm32f3xx_it.o
 .debug_info    0x000046a9      0xc78 Drivers\CMSIS\system_stm32f3xx.o
 .debug_info    0x00005321     0x10c4 Drivers\STM32F3xx_HAL_Driver\stm32f3xx_hal.o
 .debug_info    0x000063e5     0x1738 Drivers\STM32F3xx_HAL_Driver\stm32f3xx_hal_cortex.o
 .debug_info    0x00007b1d      0xfeb Drivers\STM32F3xx_HAL_Driver\stm32f3xx_hal_gpio.o
 .debug_info    0x00008b08     0x1c73 Drivers\STM32F3xx_HAL_Driver\stm32f3xx_hal_rcc.o
 .debug_info    0x0000a77b     0x25e9 Drivers\STM32F3xx_HAL_Driver\stm32f3xx_hal_spi.o

.debug_abbrev   0x00000000     0x1905
 .debug_abbrev  0x00000000       0x12 Application\SW4STM32\startup_stm32f303xe.o
 .debug_abbrev  0x00000012      0x273 Application\User\main.o
 .debug_abbrev  0x00000285      0x261 Application\User\ssd1306.o
 .debug_abbrev  0x000004e6      0x1fc Application\User\stm32f3xx_hal_msp.o
 .debug_abbrev  0x000006e2      0x1c9 Application\User\stm32f3xx_it.o
 .debug_abbrev  0x000008ab      0x1e5 Drivers\CMSIS\system_stm32f3xx.o
 .debug_abbrev  0x00000a90      0x2a7 Drivers\STM32F3xx_HAL_Driver\stm32f3xx_hal.o
 .debug_abbrev  0x00000d37      0x38f Drivers\STM32F3xx_HAL_Driver\stm32f3xx_hal_cortex.o
 .debug_abbrev  0x000010c6      0x26d Drivers\STM32F3xx_HAL_Driver\stm32f3xx_hal_gpio.o
 .debug_abbrev  0x00001333      0x32b Drivers\STM32F3xx_HAL_Driver\stm32f3xx_hal_rcc.o
 .debug_abbrev  0x0000165e      0x2a7 Drivers\STM32F3xx_HAL_Driver\stm32f3xx_hal_spi.o

.debug_aranges  0x00000000      0x5c8
 .debug_aranges
                0x00000000       0x28 Application\SW4STM32\startup_stm32f303xe.o
 .debug_aranges
                0x00000028       0x40 Application\User\main.o
 .debug_aranges
                0x00000068       0x68 Application\User\ssd1306.o
 .debug_aranges
                0x000000d0       0x30 Application\User\stm32f3xx_hal_msp.o
 .debug_aranges
                0x00000100       0x60 Application\User\stm32f3xx_it.o
 .debug_aranges
                0x00000160       0x28 Drivers\CMSIS\system_stm32f3xx.o
 .debug_aranges
                0x00000188       0xe0 Drivers\STM32F3xx_HAL_Driver\stm32f3xx_hal.o
 .debug_aranges
                0x00000268       0xa8 Drivers\STM32F3xx_HAL_Driver\stm32f3xx_hal_cortex.o
 .debug_aranges
                0x00000310       0x58 Drivers\STM32F3xx_HAL_Driver\stm32f3xx_hal_gpio.o
 .debug_aranges
                0x00000368       0x88 Drivers\STM32F3xx_HAL_Driver\stm32f3xx_hal_rcc.o
 .debug_aranges
                0x000003f0      0x1d8 Drivers\STM32F3xx_HAL_Driver\stm32f3xx_hal_spi.o

.debug_ranges   0x00000000      0x5a0
 .debug_ranges  0x00000000       0x20 Application\SW4STM32\startup_stm32f303xe.o
 .debug_ranges  0x00000020       0x30 Application\User\main.o
 .debug_ranges  0x00000050       0x58 Application\User\ssd1306.o
 .debug_ranges  0x000000a8       0x20 Application\User\stm32f3xx_hal_msp.o
 .debug_ranges  0x000000c8       0x50 Application\User\stm32f3xx_it.o
 .debug_ranges  0x00000118       0x18 Drivers\CMSIS\system_stm32f3xx.o
 .debug_ranges  0x00000130       0xd0 Drivers\STM32F3xx_HAL_Driver\stm32f3xx_hal.o
 .debug_ranges  0x00000200       0xf8 Drivers\STM32F3xx_HAL_Driver\stm32f3xx_hal_cortex.o
 .debug_ranges  0x000002f8       0x48 Drivers\STM32F3xx_HAL_Driver\stm32f3xx_hal_gpio.o
 .debug_ranges  0x00000340       0x98 Drivers\STM32F3xx_HAL_Driver\stm32f3xx_hal_rcc.o
 .debug_ranges  0x000003d8      0x1c8 Drivers\STM32F3xx_HAL_Driver\stm32f3xx_hal_spi.o

.debug_macro    0x00000000    0x1af93
 .debug_macro   0x00000000      0x332 Application\User\main.o
 .debug_macro   0x00000332       0xa5 Application\User\main.o
 .debug_macro   0x000003d7       0x2f Application\User\main.o
 .debug_macro   0x00000406       0x28 Application\User\main.o
 .debug_macro   0x0000042e       0x87 Application\User\main.o
 .debug_macro   0x000004b5       0x51 Application\User\main.o
 .debug_macro   0x00000506       0xef Application\User\main.o
 .debug_macro   0x000005f5      0x1df Application\User\main.o
 .debug_macro   0x000007d4       0x35 Application\User\main.o
 .debug_macro   0x00000809       0x50 Application\User\main.o
 .debug_macro   0x00000859      0xe66 Application\User\main.o
 .debug_macro   0x000016bf    0x1536f Application\User\main.o
 .debug_macro   0x00016a2e       0x43 Application\User\main.o
 .debug_macro   0x00016a71       0x46 Application\User\main.o
 .debug_macro   0x00016ab7       0x16 Application\User\main.o
 .debug_macro   0x00016acd       0x97 Application\User\main.o
 .debug_macro   0x00016b64       0xfd Application\User\main.o
 .debug_macro   0x00016c61       0x49 Application\User\main.o
 .debug_macro   0x00016caa      0x95a Application\User\main.o
 .debug_macro   0x00017604      0x84a Application\User\main.o
 .debug_macro   0x00017e4e      0x13a Application\User\main.o
 .debug_macro   0x00017f88      0x23a Application\User\main.o
 .debug_macro   0x000181c2      0x1bc Application\User\main.o
 .debug_macro   0x0001837e       0x31 Application\User\main.o
 .debug_macro   0x000183af       0x3c Application\User\main.o
 .debug_macro   0x000183eb      0x23a Application\User\main.o
 .debug_macro   0x00018625       0xcb Application\User\main.o
 .debug_macro   0x000186f0      0x21e Application\User\main.o
 .debug_macro   0x0001890e      0x209 Application\User\main.o
 .debug_macro   0x00018b17       0x5b Application\User\main.o
 .debug_macro   0x00018b72       0x90 Application\User\main.o
 .debug_macro   0x00018c02       0x82 Application\User\main.o
 .debug_macro   0x00018c84       0xd3 Application\User\main.o
 .debug_macro   0x00018d57      0x2e9 Application\User\main.o
 .debug_macro   0x00019040      0x349 Application\User\main.o
 .debug_macro   0x00019389       0x40 Application\User\main.o
 .debug_macro   0x000193c9       0x4c Application\User\main.o
 .debug_macro   0x00019415      0x30f Application\User\ssd1306.o
 .debug_macro   0x00019724       0x29 Application\User\ssd1306.o
 .debug_macro   0x0001974d      0x301 Application\User\stm32f3xx_hal_msp.o
 .debug_macro   0x00019a4e      0x30b Application\User\stm32f3xx_it.o
 .debug_macro   0x00019d59      0x2f8 Drivers\CMSIS\system_stm32f3xx.o
 .debug_macro   0x0001a051      0x316 Drivers\STM32F3xx_HAL_Driver\stm32f3xx_hal.o
 .debug_macro   0x0001a367      0x2f2 Drivers\STM32F3xx_HAL_Driver\stm32f3xx_hal_cortex.o
 .debug_macro   0x0001a659      0x32a Drivers\STM32F3xx_HAL_Driver\stm32f3xx_hal_gpio.o
 .debug_macro   0x0001a983      0x316 Drivers\STM32F3xx_HAL_Driver\stm32f3xx_hal_rcc.o
 .debug_macro   0x0001ac99      0x2fa Drivers\STM32F3xx_HAL_Driver\stm32f3xx_hal_spi.o

.debug_str      0x00000000    0x9f71b
 .debug_str     0x00000000    0x9de57 Application\User\main.o
                              0x9e11b (size before relaxing)
 .debug_str     0x0009de57      0x12f Application\User\ssd1306.o
                              0x9ded5 (size before relaxing)
 .debug_str     0x0009df86       0x64 Application\User\stm32f3xx_hal_msp.o
                              0x9ddb0 (size before relaxing)
 .debug_str     0x0009dfea       0xca Application\User\stm32f3xx_it.o
                              0x9d964 (size before relaxing)
 .debug_str     0x0009e0b4       0xd2 Drivers\CMSIS\system_stm32f3xx.o
                              0x9d8ba (size before relaxing)
 .debug_str     0x0009e186      0x75f Drivers\STM32F3xx_HAL_Driver\stm32f3xx_hal.o
                              0x9e0ea (size before relaxing)
 .debug_str     0x0009e8e5      0x398 Drivers\STM32F3xx_HAL_Driver\stm32f3xx_hal_cortex.o
                              0x9e1aa (size before relaxing)
 .debug_str     0x0009ec7d      0x263 Drivers\STM32F3xx_HAL_Driver\stm32f3xx_hal_gpio.o
                              0x9db8f (size before relaxing)
 .debug_str     0x0009eee0      0x2dd Drivers\STM32F3xx_HAL_Driver\stm32f3xx_hal_rcc.o
                              0x9dd19 (size before relaxing)
 .debug_str     0x0009f1bd      0x55e Drivers\STM32F3xx_HAL_Driver\stm32f3xx_hal_spi.o
                              0x9e188 (size before relaxing)

.comment        0x00000000       0x7c
 .comment       0x00000000       0x7c Application\User\main.o
                                 0x7d (size before relaxing)
 .comment       0x0000007c       0x7d Application\User\ssd1306.o
 .comment       0x0000007c       0x7d Application\User\stm32f3xx_hal_msp.o
 .comment       0x0000007c       0x7d Application\User\stm32f3xx_it.o
 .comment       0x0000007c       0x7d Drivers\CMSIS\system_stm32f3xx.o
 .comment       0x0000007c       0x7d Drivers\STM32F3xx_HAL_Driver\stm32f3xx_hal.o
 .comment       0x0000007c       0x7d Drivers\STM32F3xx_HAL_Driver\stm32f3xx_hal_cortex.o
 .comment       0x0000007c       0x7d Drivers\STM32F3xx_HAL_Driver\stm32f3xx_hal_gpio.o
 .comment       0x0000007c       0x7d Drivers\STM32F3xx_HAL_Driver\stm32f3xx_hal_rcc.o
 .comment       0x0000007c       0x7d Drivers\STM32F3xx_HAL_Driver\stm32f3xx_hal_spi.o

.debug_frame    0x00000000      0xe60
 .debug_frame   0x00000000       0x94 Application\User\main.o
 .debug_frame   0x00000094      0x118 Application\User\ssd1306.o
 .debug_frame   0x000001ac       0x60 Application\User\stm32f3xx_hal_msp.o
 .debug_frame   0x0000020c       0xa8 Application\User\stm32f3xx_it.o
 .debug_frame   0x000002b4       0x30 Drivers\CMSIS\system_stm32f3xx.o
 .debug_frame   0x000002e4      0x1cc Drivers\STM32F3xx_HAL_Driver\stm32f3xx_hal.o
 .debug_frame   0x000004b0      0x15c Drivers\STM32F3xx_HAL_Driver\stm32f3xx_hal_cortex.o
 .debug_frame   0x0000060c       0xd0 Drivers\STM32F3xx_HAL_Driver\stm32f3xx_hal_gpio.o
 .debug_frame   0x000006dc      0x180 Drivers\STM32F3xx_HAL_Driver\stm32f3xx_hal_rcc.o
 .debug_frame   0x0000085c      0x5b8 Drivers\STM32F3xx_HAL_Driver\stm32f3xx_hal_spi.o
 .debug_frame   0x00000e14       0x2c d:/atollic/truestudio for stm32 9.3.0/armtools/bin/../lib/gcc/arm-atollic-eabi/6.3.1/../../../../arm-atollic-eabi/lib/armv7e-m/fpu\libc_nano.a(lib_a-init.o)
 .debug_frame   0x00000e40       0x20 d:/atollic/truestudio for stm32 9.3.0/armtools/bin/../lib/gcc/arm-atollic-eabi/6.3.1/../../../../arm-atollic-eabi/lib/armv7e-m/fpu\libc_nano.a(lib_a-memset.o)

.debug_loc      0x00000000     0x3272
 .debug_loc     0x00000000      0x2ab Application\User\ssd1306.o
 .debug_loc     0x000002ab       0x74 Application\User\stm32f3xx_hal_msp.o
 .debug_loc     0x0000031f       0xfe Drivers\CMSIS\system_stm32f3xx.o
 .debug_loc     0x0000041d      0x108 Drivers\STM32F3xx_HAL_Driver\stm32f3xx_hal.o
 .debug_loc     0x00000525      0x5ce Drivers\STM32F3xx_HAL_Driver\stm32f3xx_hal_cortex.o
 .debug_loc     0x00000af3      0x315 Drivers\STM32F3xx_HAL_Driver\stm32f3xx_hal_gpio.o
 .debug_loc     0x00000e08      0x93c Drivers\STM32F3xx_HAL_Driver\stm32f3xx_hal_rcc.o
 .debug_loc     0x00001744     0x1b2e Drivers\STM32F3xx_HAL_Driver\stm32f3xx_hal_spi.o
